Wed Jun  3 12:25:25 UTC 2026
=== Loading TPC-DS data into PostgreSQL from S3 ===
    Host       : 3.127.219.59:5432
    Database   : benchantdb
    Schema     : public
    S3 data    : s3://benchant-olap-data/tpc-ds/postgresql/data/100gb
    S3 schema  : s3://benchant-olap-data/tpc-ds/postgresql/schemas/tpcds-default.sql

--- Downloading schema SQL from S3 ---
Completed 14.8 KiB/14.8 KiB (199.7 KiB/s) with 1 file(s) remainingdownload: s3://benchant-olap-data/tpc-ds/postgresql/schemas/tpcds-default.sql to ../../tmp/tmp.MlVfOe9aUy.sql
--- Applying schema from s3://benchant-olap-data/tpc-ds/postgresql/schemas/tpcds-default.sql ---
SET
SET
CREATE TABLE
CREATE TABLE
CREATE TABLE
CREATE TABLE
CREATE TABLE
CREATE TABLE
CREATE TABLE
CREATE TABLE
CREATE TABLE
CREATE TABLE
CREATE TABLE
CREATE TABLE
CREATE TABLE
CREATE TABLE
CREATE TABLE
CREATE TABLE
CREATE TABLE
CREATE TABLE
CREATE TABLE
CREATE TABLE
CREATE TABLE
CREATE TABLE
CREATE TABLE
CREATE TABLE
CREATE TABLE
[DONE]  Schema created.

--- Dimension tables ---
[LOAD]  call_center <- call_center_1_10.csv
COPY 30
[DONE]  call_center_1_10.csv
[LOAD]  catalog_page <- catalog_page_1_10.csv
COPY 20400
[DONE]  catalog_page_1_10.csv
[LOAD]  customer <- customer_10_10.csv
COPY 200000
[DONE]  customer_10_10.csv
[LOAD]  customer <- customer_1_10.csv
COPY 200000
[DONE]  customer_1_10.csv
[LOAD]  customer <- customer_2_10.csv
COPY 200000
[DONE]  customer_2_10.csv
[LOAD]  customer <- customer_3_10.csv
COPY 200000
[DONE]  customer_3_10.csv
[LOAD]  customer <- customer_4_10.csv
COPY 200000
[DONE]  customer_4_10.csv
[LOAD]  customer <- customer_5_10.csv
COPY 200000
[DONE]  customer_5_10.csv
[LOAD]  customer <- customer_6_10.csv
COPY 200000
[DONE]  customer_6_10.csv
[LOAD]  customer <- customer_7_10.csv
COPY 200000
[DONE]  customer_7_10.csv
[LOAD]  customer <- customer_8_10.csv
COPY 200000
[DONE]  customer_8_10.csv
[LOAD]  customer <- customer_9_10.csv
COPY 200000
[DONE]  customer_9_10.csv
[LOAD]  customer_address <- customer_address_10_10.csv
COPY 100000
[DONE]  customer_address_10_10.csv
[LOAD]  customer_address <- customer_address_1_10.csv
COPY 100000
[DONE]  customer_address_1_10.csv
[LOAD]  customer_address <- customer_address_2_10.csv
COPY 100000
[DONE]  customer_address_2_10.csv
[LOAD]  customer_address <- customer_address_3_10.csv
COPY 100000
[DONE]  customer_address_3_10.csv
[LOAD]  customer_address <- customer_address_4_10.csv
COPY 100000
[DONE]  customer_address_4_10.csv
[LOAD]  customer_address <- customer_address_5_10.csv
COPY 100000
[DONE]  customer_address_5_10.csv
[LOAD]  customer_address <- customer_address_6_10.csv
COPY 100000
[DONE]  customer_address_6_10.csv
[LOAD]  customer_address <- customer_address_7_10.csv
COPY 100000
[DONE]  customer_address_7_10.csv
[LOAD]  customer_address <- customer_address_8_10.csv
COPY 100000
[DONE]  customer_address_8_10.csv
[LOAD]  customer_address <- customer_address_9_10.csv
COPY 100000
[DONE]  customer_address_9_10.csv
[LOAD]  customer_demographics <- customer_demographics_10_10.csv
COPY 192080
[DONE]  customer_demographics_10_10.csv
[LOAD]  customer_demographics <- customer_demographics_1_10.csv
COPY 192080
[DONE]  customer_demographics_1_10.csv
[LOAD]  customer_demographics <- customer_demographics_2_10.csv
COPY 192080
[DONE]  customer_demographics_2_10.csv
[LOAD]  customer_demographics <- customer_demographics_3_10.csv
COPY 192080
[DONE]  customer_demographics_3_10.csv
[LOAD]  customer_demographics <- customer_demographics_4_10.csv
COPY 192080
[DONE]  customer_demographics_4_10.csv
[LOAD]  customer_demographics <- customer_demographics_5_10.csv
COPY 192080
[DONE]  customer_demographics_5_10.csv
[LOAD]  customer_demographics <- customer_demographics_6_10.csv
COPY 192080
[DONE]  customer_demographics_6_10.csv
[LOAD]  customer_demographics <- customer_demographics_7_10.csv
COPY 192080
[DONE]  customer_demographics_7_10.csv
[LOAD]  customer_demographics <- customer_demographics_8_10.csv
COPY 192080
[DONE]  customer_demographics_8_10.csv
[LOAD]  customer_demographics <- customer_demographics_9_10.csv
COPY 192080
[DONE]  customer_demographics_9_10.csv
[LOAD]  date_dim <- date_dim_1_10.csv
COPY 73049
[DONE]  date_dim_1_10.csv
[LOAD]  household_demographics <- household_demographics_1_10.csv
COPY 7200
[DONE]  household_demographics_1_10.csv
[LOAD]  income_band <- income_band_1_10.csv
COPY 20
[DONE]  income_band_1_10.csv
[LOAD]  item <- item_1_10.csv
COPY 204000
[DONE]  item_1_10.csv
[LOAD]  promotion <- promotion_1_10.csv
COPY 1000
[DONE]  promotion_1_10.csv
[LOAD]  reason <- reason_1_10.csv
COPY 55
[DONE]  reason_1_10.csv
[LOAD]  ship_mode <- ship_mode_1_10.csv
COPY 20
[DONE]  ship_mode_1_10.csv
[LOAD]  store <- store_1_10.csv
COPY 402
[DONE]  store_1_10.csv
[LOAD]  time_dim <- time_dim_1_10.csv
COPY 86400
[DONE]  time_dim_1_10.csv
[LOAD]  warehouse <- warehouse_1_10.csv
COPY 15
[DONE]  warehouse_1_10.csv
[LOAD]  web_page <- web_page_1_10.csv
COPY 2040
[DONE]  web_page_1_10.csv
[LOAD]  web_site <- web_site_1_10.csv
COPY 24
[DONE]  web_site_1_10.csv

--- Fact / large tables (parallel, max 4 jobs) ---
[LOAD]  store_returns <- store_returns_10_10.csv
[LOAD]  catalog_returns <- catalog_returns_10_10.csv
[LOAD]  inventory <- inventory_10_10.csv
[LOAD]  web_returns <- web_returns_10_10.csv
COPY 718884
[DONE]  web_returns_10_10.csv
[LOAD]  web_returns <- web_returns_1_10.csv
COPY 719217
[DONE]  web_returns_1_10.csv
[LOAD]  web_returns <- web_returns_2_10.csv
COPY 1442582
[DONE]  catalog_returns_10_10.csv
[LOAD]  catalog_returns <- catalog_returns_1_10.csv
COPY 720049
[DONE]  web_returns_2_10.csv
[LOAD]  web_returns <- web_returns_3_10.csv
COPY 2882801
[DONE]  store_returns_10_10.csv
[LOAD]  store_returns <- store_returns_1_10.csv
COPY 721274
[DONE]  web_returns_3_10.csv
[LOAD]  web_returns <- web_returns_4_10.csv
COPY 1439749
[DONE]  catalog_returns_1_10.csv
[LOAD]  catalog_returns <- catalog_returns_2_10.csv
COPY 719228
[DONE]  web_returns_4_10.csv
[LOAD]  web_returns <- web_returns_5_10.csv
COPY 719156
[DONE]  web_returns_5_10.csv
[LOAD]  web_returns <- web_returns_6_10.csv
COPY 1442384
[DONE]  catalog_returns_2_10.csv
[LOAD]  catalog_returns <- catalog_returns_3_10.csv
COPY 720616
[DONE]  web_returns_6_10.csv
[LOAD]  web_returns <- web_returns_7_10.csv
COPY 2875432
[DONE]  store_returns_1_10.csv
[LOAD]  store_returns <- store_returns_2_10.csv
COPY 1440160
[DONE]  catalog_returns_3_10.csv
[LOAD]  catalog_returns <- catalog_returns_4_10.csv
COPY 720112
[DONE]  web_returns_7_10.csv
[LOAD]  web_returns <- web_returns_8_10.csv
COPY 718791
[DONE]  web_returns_8_10.csv
[LOAD]  web_returns <- web_returns_9_10.csv
COPY 1437352
[DONE]  catalog_returns_4_10.csv
[LOAD]  catalog_returns <- catalog_returns_5_10.csv
COPY 720343
[DONE]  web_returns_9_10.csv
[LOAD]  store_sales <- store_sales_10_10.csv
COPY 2879663
[DONE]  store_returns_2_10.csv
[LOAD]  store_returns <- store_returns_3_10.csv
COPY 1438309
[DONE]  catalog_returns_5_10.csv
[LOAD]  catalog_returns <- catalog_returns_6_10.csv
COPY 1442116
[DONE]  catalog_returns_6_10.csv
[LOAD]  catalog_returns <- catalog_returns_7_10.csv
COPY 2881483
[DONE]  store_returns_3_10.csv
[LOAD]  store_returns <- store_returns_4_10.csv
COPY 39933000
[DONE]  inventory_10_10.csv
[LOAD]  inventory <- inventory_1_10.csv
COPY 1441349
[DONE]  catalog_returns_7_10.csv
[LOAD]  catalog_returns <- catalog_returns_8_10.csv
COPY 2878067
[DONE]  store_returns_4_10.csv
[LOAD]  store_returns <- store_returns_5_10.csv
COPY 1440867
[DONE]  catalog_returns_8_10.csv
[LOAD]  catalog_returns <- catalog_returns_9_10.csv
COPY 1439506
[DONE]  catalog_returns_9_10.csv
[LOAD]  catalog_sales <- catalog_sales_10_10.csv
COPY 2878035
[DONE]  store_returns_5_10.csv
[LOAD]  store_returns <- store_returns_6_10.csv
COPY 2878752
[DONE]  store_returns_6_10.csv
[LOAD]  store_returns <- store_returns_7_10.csv
COPY 2879838
[DONE]  store_returns_7_10.csv
[LOAD]  store_returns <- store_returns_8_10.csv
COPY 39933000
[DONE]  inventory_1_10.csv
[LOAD]  inventory <- inventory_2_10.csv
COPY 2882027
[DONE]  store_returns_8_10.csv
[LOAD]  store_returns <- store_returns_9_10.csv
COPY 2878982
[DONE]  store_returns_9_10.csv
[LOAD]  web_sales <- web_sales_10_10.csv
COPY 14396761
[DONE]  catalog_sales_10_10.csv
[LOAD]  catalog_sales <- catalog_sales_1_10.csv
COPY 39933000
[DONE]  inventory_2_10.csv
[LOAD]  inventory <- inventory_3_10.csv
COPY 28800761
[DONE]  store_sales_10_10.csv
[LOAD]  store_sales <- store_sales_1_10.csv
COPY 7198788
[DONE]  web_sales_10_10.csv
[LOAD]  web_sales <- web_sales_1_10.csv
COPY 7197566
[DONE]  web_sales_1_10.csv
[LOAD]  web_sales <- web_sales_2_10.csv
COPY 39933000
[DONE]  inventory_3_10.csv
[LOAD]  inventory <- inventory_4_10.csv
COPY 14401261
[DONE]  catalog_sales_1_10.csv
[LOAD]  catalog_sales <- catalog_sales_2_10.csv
COPY 7198537
[DONE]  web_sales_2_10.csv
[LOAD]  web_sales <- web_sales_3_10.csv
COPY 39933000
[DONE]  inventory_4_10.csv
[LOAD]  inventory <- inventory_5_10.csv
COPY 7202501
[DONE]  web_sales_3_10.csv
[LOAD]  web_sales <- web_sales_4_10.csv
COPY 39933000
[DONE]  inventory_5_10.csv
[LOAD]  inventory <- inventory_6_10.csv
COPY 7198490
[DONE]  web_sales_4_10.csv
[LOAD]  web_sales <- web_sales_5_10.csv
COPY 39933000
[DONE]  inventory_6_10.csv
[LOAD]  inventory <- inventory_7_10.csv
COPY 7199756
[DONE]  web_sales_5_10.csv
[LOAD]  web_sales <- web_sales_6_10.csv
COPY 28800991
[DONE]  store_sales_1_10.csv
[LOAD]  store_sales <- store_sales_2_10.csv
COPY 39933000
[DONE]  inventory_7_10.csv
[LOAD]  inventory <- inventory_8_10.csv
COPY 7201947
[DONE]  web_sales_6_10.csv
[LOAD]  web_sales <- web_sales_7_10.csv
COPY 14402322
[DONE]  catalog_sales_2_10.csv
[LOAD]  catalog_sales <- catalog_sales_3_10.csv
COPY 39933000
[DONE]  inventory_8_10.csv
[LOAD]  inventory <- inventory_9_10.csv
COPY 39933000
[DONE]  inventory_9_10.csv
COPY 7201413
[DONE]  web_sales_7_10.csv
[LOAD]  web_sales <- web_sales_8_10.csv
COPY 7200807
[DONE]  web_sales_8_10.csv
[LOAD]  web_sales <- web_sales_9_10.csv
COPY 7201432
[DONE]  web_sales_9_10.csv
COPY 14400476
[DONE]  catalog_sales_3_10.csv
[LOAD]  catalog_sales <- catalog_sales_4_10.csv
COPY 28797941
[DONE]  store_sales_2_10.csv
[LOAD]  store_sales <- store_sales_3_10.csv
COPY 14391950
[DONE]  catalog_sales_4_10.csv
[LOAD]  catalog_sales <- catalog_sales_5_10.csv
COPY 28807345
[DONE]  store_sales_3_10.csv
[LOAD]  store_sales <- store_sales_4_10.csv
COPY 14401660
[DONE]  catalog_sales_5_10.csv
[LOAD]  catalog_sales <- catalog_sales_6_10.csv
COPY 14404105
[DONE]  catalog_sales_6_10.csv
[LOAD]  catalog_sales <- catalog_sales_7_10.csv
COPY 28797143
[DONE]  store_sales_4_10.csv
[LOAD]  store_sales <- store_sales_5_10.csv
COPY 14396792
[DONE]  catalog_sales_7_10.csv
[LOAD]  catalog_sales <- catalog_sales_8_10.csv
COPY 14401438
[DONE]  catalog_sales_8_10.csv
[LOAD]  catalog_sales <- catalog_sales_9_10.csv
COPY 14400300
[DONE]  catalog_sales_9_10.csv
COPY 28801344
[DONE]  store_sales_5_10.csv
[LOAD]  store_sales <- store_sales_6_10.csv
COPY 28795947
[DONE]  store_sales_6_10.csv
[LOAD]  store_sales <- store_sales_7_10.csv
COPY 28796362
[DONE]  store_sales_7_10.csv
[LOAD]  store_sales <- store_sales_8_10.csv
COPY 28797721
[DONE]  store_sales_8_10.csv
[LOAD]  store_sales <- store_sales_9_10.csv
COPY 28801469
[DONE]  store_sales_9_10.csv

=== Load complete ===
Wed Jun  3 14:48:37 UTC 2026

--- PostgreSQL version ---
 PostgreSQL 17.10 (Ubuntu 17.10-1.pgdg22.04+1) on x86_64-pc-linux-gnu, compiled by gcc (Ubuntu 11.4.0-1ubuntu1~22.04.3) 11.4.0, 64-bit


--- Installed extensions ---
  name   | default_version | installed_version |           comment            
---------+-----------------+-------------------+------------------------------
 plpgsql | 1.0             | 1.0               | PL/pgSQL procedural language
(1 row)


--- Indexes on TPC-DS tables ---
       tablename        |          indexname          |                                                    indexdef                                                     
------------------------+-----------------------------+-----------------------------------------------------------------------------------------------------------------
 call_center            | call_center_pkey            | CREATE UNIQUE INDEX call_center_pkey ON public.call_center USING btree (cc_call_center_sk)
 catalog_page           | catalog_page_pkey           | CREATE UNIQUE INDEX catalog_page_pkey ON public.catalog_page USING btree (cp_catalog_page_sk)
 catalog_returns        | catalog_returns_pkey        | CREATE UNIQUE INDEX catalog_returns_pkey ON public.catalog_returns USING btree (cr_item_sk, cr_order_number)
 catalog_sales          | catalog_sales_pkey          | CREATE UNIQUE INDEX catalog_sales_pkey ON public.catalog_sales USING btree (cs_item_sk, cs_order_number)
 customer               | customer_pkey               | CREATE UNIQUE INDEX customer_pkey ON public.customer USING btree (c_customer_sk)
 customer_address       | customer_address_pkey       | CREATE UNIQUE INDEX customer_address_pkey ON public.customer_address USING btree (ca_address_sk)
 customer_demographics  | customer_demographics_pkey  | CREATE UNIQUE INDEX customer_demographics_pkey ON public.customer_demographics USING btree (cd_demo_sk)
 date_dim               | date_dim_pkey               | CREATE UNIQUE INDEX date_dim_pkey ON public.date_dim USING btree (d_date_sk)
 household_demographics | household_demographics_pkey | CREATE UNIQUE INDEX household_demographics_pkey ON public.household_demographics USING btree (hd_demo_sk)
 income_band            | income_band_pkey            | CREATE UNIQUE INDEX income_band_pkey ON public.income_band USING btree (ib_income_band_sk)
 inventory              | inventory_pkey              | CREATE UNIQUE INDEX inventory_pkey ON public.inventory USING btree (inv_date_sk, inv_item_sk, inv_warehouse_sk)
 item                   | item_pkey                   | CREATE UNIQUE INDEX item_pkey ON public.item USING btree (i_item_sk)
 promotion              | promotion_pkey              | CREATE UNIQUE INDEX promotion_pkey ON public.promotion USING btree (p_promo_sk)
 reason                 | reason_pkey                 | CREATE UNIQUE INDEX reason_pkey ON public.reason USING btree (r_reason_sk)
 ship_mode              | ship_mode_pkey              | CREATE UNIQUE INDEX ship_mode_pkey ON public.ship_mode USING btree (sm_ship_mode_sk)
 store                  | store_pkey                  | CREATE UNIQUE INDEX store_pkey ON public.store USING btree (s_store_sk)
 store_returns          | store_returns_pkey          | CREATE UNIQUE INDEX store_returns_pkey ON public.store_returns USING btree (sr_item_sk, sr_ticket_number)
 store_sales            | store_sales_pkey            | CREATE UNIQUE INDEX store_sales_pkey ON public.store_sales USING btree (ss_item_sk, ss_ticket_number)
 time_dim               | time_dim_pkey               | CREATE UNIQUE INDEX time_dim_pkey ON public.time_dim USING btree (t_time_sk)
 warehouse              | warehouse_pkey              | CREATE UNIQUE INDEX warehouse_pkey ON public.warehouse USING btree (w_warehouse_sk)
 web_page               | web_page_pkey               | CREATE UNIQUE INDEX web_page_pkey ON public.web_page USING btree (wp_web_page_sk)
 web_returns            | web_returns_pkey            | CREATE UNIQUE INDEX web_returns_pkey ON public.web_returns USING btree (wr_item_sk, wr_order_number)
 web_sales              | web_sales_pkey              | CREATE UNIQUE INDEX web_sales_pkey ON public.web_sales USING btree (ws_item_sk, ws_order_number)
 web_site               | web_site_pkey               | CREATE UNIQUE INDEX web_site_pkey ON public.web_site USING btree (web_site_sk)
(24 rows)


--- TPC-DS query parameters ---
         parameter         |  value  
---------------------------+---------
 tpcds.parameter.cities    | 18
 tpcds.parameter.counties  | 9
 tpcds.parameter.csk.upper | 2000000
 tpcds.parameter.itm.lower | 1
 tpcds.parameter.itm.upper | 204000
 tpcds.parameter.sdt.lower | 2450816
 tpcds.parameter.sdt.upper | 2452642
(7 rows)

